------------------------------------------------------------
TimeQuest Timing Analyzer Summary
------------------------------------------------------------

Type  : Slow 1100mV 85C Model Setup 'CLK'
Slack : -1.874
TNS   : -57.831

Type  : Slow 1100mV 85C Model Hold 'CLK'
Slack : 0.842
TNS   : 0.000

Type  : Slow 1100mV 85C Model Minimum Pulse Width 'CLK'
Slack : -0.724
TNS   : -35.719

Type  : Slow 1100mV 0C Model Setup 'CLK'
Slack : -1.505
TNS   : -46.211

Type  : Slow 1100mV 0C Model Hold 'CLK'
Slack : 0.379
TNS   : 0.000

Type  : Slow 1100mV 0C Model Minimum Pulse Width 'CLK'
Slack : -0.724
TNS   : -35.639

Type  : Fast 1100mV 85C Model Setup 'CLK'
Slack : -1.169
TNS   : -36.305

Type  : Fast 1100mV 85C Model Hold 'CLK'
Slack : 0.311
TNS   : 0.000

Type  : Fast 1100mV 85C Model Minimum Pulse Width 'CLK'
Slack : -0.089
TNS   : -2.753

Type  : Fast 1100mV 0C Model Setup 'CLK'
Slack : -0.949
TNS   : -29.411

Type  : Fast 1100mV 0C Model Hold 'CLK'
Slack : 0.170
TNS   : 0.000

Type  : Fast 1100mV 0C Model Minimum Pulse Width 'CLK'
Slack : -0.089
TNS   : -2.763

------------------------------------------------------------
