Analysis & Synthesis report for Register_File
Fri May 03 13:18:11 2019
Quartus Prime Version 15.1.0 Build 185 10/21/2015 SJ Lite Edition


---------------------
; Table of Contents ;
---------------------
  1. Legal Notice
  2. Analysis & Synthesis Summary
  3. Analysis & Synthesis Settings
  4. Parallel Compilation
  5. Analysis & Synthesis Source Files Read
  6. Analysis & Synthesis Resource Usage Summary
  7. Analysis & Synthesis Resource Utilization by Entity
  8. General Register Statistics
  9. Multiplexer Restructuring Statistics (Restructuring Performed)
 10. Parameter Settings for User Entity Instance: LPM_MUX:inst81
 11. Parameter Settings for User Entity Instance: LPM_DECODE:inst80
 12. Parameter Settings for User Entity Instance: LPM_MUX:inst82
 13. Post-Synthesis Netlist Statistics for Top Partition
 14. Elapsed Time Per Partition
 15. Analysis & Synthesis Messages



----------------
; Legal Notice ;
----------------
Copyright (C) 1991-2015 Altera Corporation. All rights reserved.
Your use of Altera Corporation's design tools, logic functions 
and other software and tools, and its AMPP partner logic 
functions, and any output files from any of the foregoing 
(including device programming or simulation files), and any 
associated documentation or information are expressly subject 
to the terms and conditions of the Altera Program License 
Subscription Agreement, the Altera Quartus Prime License Agreement,
the Altera MegaCore Function License Agreement, or other 
applicable license agreement, including, without limitation, 
that your use is for the sole purpose of programming logic 
devices manufactured by Altera and sold by Altera or its 
authorized distributors.  Please refer to the applicable 
agreement for further details.



+-------------------------------------------------------------------------------+
; Analysis & Synthesis Summary                                                  ;
+---------------------------------+---------------------------------------------+
; Analysis & Synthesis Status     ; Successful - Fri May 03 13:18:11 2019       ;
; Quartus Prime Version           ; 15.1.0 Build 185 10/21/2015 SJ Lite Edition ;
; Revision Name                   ; Register_File                               ;
; Top-level Entity Name           ; Register_File                               ;
; Family                          ; Cyclone V                                   ;
; Logic utilization (in ALMs)     ; N/A                                         ;
; Total registers                 ; 1024                                        ;
; Total pins                      ; 114                                         ;
; Total virtual pins              ; 0                                           ;
; Total block memory bits         ; 0                                           ;
; Total DSP Blocks                ; 0                                           ;
; Total HSSI RX PCSs              ; 0                                           ;
; Total HSSI PMA RX Deserializers ; 0                                           ;
; Total HSSI TX PCSs              ; 0                                           ;
; Total HSSI PMA TX Serializers   ; 0                                           ;
; Total PLLs                      ; 0                                           ;
; Total DLLs                      ; 0                                           ;
+---------------------------------+---------------------------------------------+


+---------------------------------------------------------------------------------------------------------------------------+
; Analysis & Synthesis Settings                                                                                             ;
+---------------------------------------------------------------------------------+--------------------+--------------------+
; Option                                                                          ; Setting            ; Default Value      ;
+---------------------------------------------------------------------------------+--------------------+--------------------+
; Device                                                                          ; 5CGXFC7C7F23C8     ;                    ;
; Top-level entity name                                                           ; Register_File      ; Register_File      ;
; Family name                                                                     ; Cyclone V          ; Cyclone V          ;
; Use smart compilation                                                           ; Off                ; Off                ;
; Enable parallel Assembler and TimeQuest Timing Analyzer during compilation      ; On                 ; On                 ;
; Enable compact report table                                                     ; Off                ; Off                ;
; Restructure Multiplexers                                                        ; Auto               ; Auto               ;
; MLAB Add Timing Constraints For Mixed-Port Feed-Through Mode Setting Don't Care ; Off                ; Off                ;
; Create Debugging Nodes for IP Cores                                             ; Off                ; Off                ;
; Preserve fewer node names                                                       ; On                 ; On                 ;
; Disable OpenCore Plus hardware evaluation                                       ; Off                ; Off                ;
; Verilog Version                                                                 ; Verilog_2001       ; Verilog_2001       ;
; VHDL Version                                                                    ; VHDL_1993          ; VHDL_1993          ;
; State Machine Processing                                                        ; Auto               ; Auto               ;
; Safe State Machine                                                              ; Off                ; Off                ;
; Extract Verilog State Machines                                                  ; On                 ; On                 ;
; Extract VHDL State Machines                                                     ; On                 ; On                 ;
; Ignore Verilog initial constructs                                               ; Off                ; Off                ;
; Iteration limit for constant Verilog loops                                      ; 5000               ; 5000               ;
; Iteration limit for non-constant Verilog loops                                  ; 250                ; 250                ;
; Add Pass-Through Logic to Inferred RAMs                                         ; On                 ; On                 ;
; Infer RAMs from Raw Logic                                                       ; On                 ; On                 ;
; Parallel Synthesis                                                              ; On                 ; On                 ;
; DSP Block Balancing                                                             ; Auto               ; Auto               ;
; NOT Gate Push-Back                                                              ; On                 ; On                 ;
; Power-Up Don't Care                                                             ; On                 ; On                 ;
; Remove Redundant Logic Cells                                                    ; Off                ; Off                ;
; Remove Duplicate Registers                                                      ; On                 ; On                 ;
; Ignore CARRY Buffers                                                            ; Off                ; Off                ;
; Ignore CASCADE Buffers                                                          ; Off                ; Off                ;
; Ignore GLOBAL Buffers                                                           ; Off                ; Off                ;
; Ignore ROW GLOBAL Buffers                                                       ; Off                ; Off                ;
; Ignore LCELL Buffers                                                            ; Off                ; Off                ;
; Ignore SOFT Buffers                                                             ; On                 ; On                 ;
; Limit AHDL Integers to 32 Bits                                                  ; Off                ; Off                ;
; Optimization Technique                                                          ; Balanced           ; Balanced           ;
; Carry Chain Length                                                              ; 70                 ; 70                 ;
; Auto Carry Chains                                                               ; On                 ; On                 ;
; Auto Open-Drain Pins                                                            ; On                 ; On                 ;
; Perform WYSIWYG Primitive Resynthesis                                           ; Off                ; Off                ;
; Auto ROM Replacement                                                            ; On                 ; On                 ;
; Auto RAM Replacement                                                            ; On                 ; On                 ;
; Auto DSP Block Replacement                                                      ; On                 ; On                 ;
; Auto Shift Register Replacement                                                 ; Auto               ; Auto               ;
; Allow Shift Register Merging across Hierarchies                                 ; Auto               ; Auto               ;
; Auto Clock Enable Replacement                                                   ; On                 ; On                 ;
; Strict RAM Replacement                                                          ; Off                ; Off                ;
; Allow Synchronous Control Signals                                               ; On                 ; On                 ;
; Force Use of Synchronous Clear Signals                                          ; Off                ; Off                ;
; Auto Resource Sharing                                                           ; Off                ; Off                ;
; Allow Any RAM Size For Recognition                                              ; Off                ; Off                ;
; Allow Any ROM Size For Recognition                                              ; Off                ; Off                ;
; Allow Any Shift Register Size For Recognition                                   ; Off                ; Off                ;
; Use LogicLock Constraints during Resource Balancing                             ; On                 ; On                 ;
; Ignore translate_off and synthesis_off directives                               ; Off                ; Off                ;
; Timing-Driven Synthesis                                                         ; On                 ; On                 ;
; Report Parameter Settings                                                       ; On                 ; On                 ;
; Report Source Assignments                                                       ; On                 ; On                 ;
; Report Connectivity Checks                                                      ; On                 ; On                 ;
; Ignore Maximum Fan-Out Assignments                                              ; Off                ; Off                ;
; Synchronization Register Chain Length                                           ; 3                  ; 3                  ;
; PowerPlay Power Optimization During Synthesis                                   ; Normal compilation ; Normal compilation ;
; HDL message level                                                               ; Level2             ; Level2             ;
; Suppress Register Optimization Related Messages                                 ; Off                ; Off                ;
; Number of Removed Registers Reported in Synthesis Report                        ; 5000               ; 5000               ;
; Number of Swept Nodes Reported in Synthesis Report                              ; 5000               ; 5000               ;
; Number of Inverted Registers Reported in Synthesis Report                       ; 100                ; 100                ;
; Clock MUX Protection                                                            ; On                 ; On                 ;
; Auto Gated Clock Conversion                                                     ; Off                ; Off                ;
; Block Design Naming                                                             ; Auto               ; Auto               ;
; SDC constraint protection                                                       ; Off                ; Off                ;
; Synthesis Effort                                                                ; Auto               ; Auto               ;
; Shift Register Replacement - Allow Asynchronous Clear Signal                    ; On                 ; On                 ;
; Pre-Mapping Resynthesis Optimization                                            ; Off                ; Off                ;
; Analysis & Synthesis Message Level                                              ; Medium             ; Medium             ;
; Disable Register Merging Across Hierarchies                                     ; Auto               ; Auto               ;
; Resource Aware Inference For Block RAM                                          ; On                 ; On                 ;
; Synthesis Seed                                                                  ; 1                  ; 1                  ;
; Automatic Parallel Synthesis                                                    ; On                 ; On                 ;
; Partial Reconfiguration Bitstream ID                                            ; Off                ; Off                ;
+---------------------------------------------------------------------------------+--------------------+--------------------+


+------------------------------------------+
; Parallel Compilation                     ;
+----------------------------+-------------+
; Processors                 ; Number      ;
+----------------------------+-------------+
; Number detected on machine ; 2           ;
; Maximum allowed            ; 2           ;
;                            ;             ;
; Average used               ; 1.00        ;
; Maximum used               ; 2           ;
;                            ;             ;
; Usage by Processor         ; % Time Used ;
;     Processor 1            ; 100.0%      ;
;     Processor 2            ; < 0.1%      ;
+----------------------------+-------------+


+--------------------------------------------------------------------------------------------------------------------------------------------------------------------------+
; Analysis & Synthesis Source Files Read                                                                                                                                   ;
+----------------------------------+-----------------+------------------------------------+----------------------------------------------------------------------+---------+
; File Name with User-Entered Path ; Used in Netlist ; File Type                          ; File Name with Absolute Path                                         ; Library ;
+----------------------------------+-----------------+------------------------------------+----------------------------------------------------------------------+---------+
; Register8.bdf                    ; yes             ; User Block Diagram/Schematic File  ; C:/altera_lite/15.1/Register_File/Register8.bdf                      ;         ;
; Register32.bdf                   ; yes             ; User Block Diagram/Schematic File  ; C:/altera_lite/15.1/Register_File/Register32.bdf                     ;         ;
; Register_File.bdf                ; yes             ; User Block Diagram/Schematic File  ; C:/altera_lite/15.1/Register_File/Register_File.bdf                  ;         ;
; lpm_mux.tdf                      ; yes             ; Megafunction                       ; c:/altera_lite/15.1/quartus/libraries/megafunctions/lpm_mux.tdf      ;         ;
; aglobal151.inc                   ; yes             ; Megafunction                       ; c:/altera_lite/15.1/quartus/libraries/megafunctions/aglobal151.inc   ;         ;
; muxlut.inc                       ; yes             ; Megafunction                       ; c:/altera_lite/15.1/quartus/libraries/megafunctions/muxlut.inc       ;         ;
; bypassff.inc                     ; yes             ; Megafunction                       ; c:/altera_lite/15.1/quartus/libraries/megafunctions/bypassff.inc     ;         ;
; altshift.inc                     ; yes             ; Megafunction                       ; c:/altera_lite/15.1/quartus/libraries/megafunctions/altshift.inc     ;         ;
; db/mux_4nc.tdf                   ; yes             ; Auto-Generated Megafunction        ; C:/altera_lite/15.1/Register_File/db/mux_4nc.tdf                     ;         ;
; lpm_decode.tdf                   ; yes             ; Megafunction                       ; c:/altera_lite/15.1/quartus/libraries/megafunctions/lpm_decode.tdf   ;         ;
; declut.inc                       ; yes             ; Megafunction                       ; c:/altera_lite/15.1/quartus/libraries/megafunctions/declut.inc       ;         ;
; lpm_compare.inc                  ; yes             ; Megafunction                       ; c:/altera_lite/15.1/quartus/libraries/megafunctions/lpm_compare.inc  ;         ;
; lpm_constant.inc                 ; yes             ; Megafunction                       ; c:/altera_lite/15.1/quartus/libraries/megafunctions/lpm_constant.inc ;         ;
; db/decode_f5f.tdf                ; yes             ; Auto-Generated Megafunction        ; C:/altera_lite/15.1/Register_File/db/decode_f5f.tdf                  ;         ;
+----------------------------------+-----------------+------------------------------------+----------------------------------------------------------------------+---------+


+-----------------------------------------------------------------------+
; Analysis & Synthesis Resource Usage Summary                           ;
+---------------------------------------------+-------------------------+
; Resource                                    ; Usage                   ;
+---------------------------------------------+-------------------------+
; Estimate of Logic utilization (ALMs needed) ; 875                     ;
;                                             ;                         ;
; Combinational ALUT usage for logic          ; 780                     ;
;     -- 7 input functions                    ; 0                       ;
;     -- 6 input functions                    ; 576                     ;
;     -- 5 input functions                    ; 137                     ;
;     -- 4 input functions                    ; 32                      ;
;     -- <=3 input functions                  ; 35                      ;
;                                             ;                         ;
; Dedicated logic registers                   ; 1024                    ;
;                                             ;                         ;
; I/O pins                                    ; 114                     ;
;                                             ;                         ;
; Total DSP Blocks                            ; 0                       ;
;                                             ;                         ;
; Maximum fan-out node                        ; Read_Reg_Num_1[2]~input ;
; Maximum fan-out                             ; 161                     ;
; Total fan-out                               ; 6565                    ;
; Average fan-out                             ; 3.23                    ;
+---------------------------------------------+-------------------------+


+------------------------------------------------------------------------------------------------------------------------------------------------------------------------------------------------+
; Analysis & Synthesis Resource Utilization by Entity                                                                                                                                            ;
+--------------------------------+-------------------+--------------+-------------------+------------+------+--------------+------------------------------------------------------+--------------+
; Compilation Hierarchy Node     ; LC Combinationals ; LC Registers ; Block Memory Bits ; DSP Blocks ; Pins ; Virtual Pins ; Full Hierarchy Name                                  ; Library Name ;
+--------------------------------+-------------------+--------------+-------------------+------------+------+--------------+------------------------------------------------------+--------------+
; |Register_File                 ; 780 (0)           ; 1024 (0)     ; 0                 ; 0          ; 114  ; 0            ; |Register_File                                       ; work         ;
;    |Register32:inst18|         ; 1 (1)             ; 32 (0)       ; 0                 ; 0          ; 0    ; 0            ; |Register_File|Register32:inst18                     ; work         ;
;       |Register8:inst1|        ; 0 (0)             ; 8 (8)        ; 0                 ; 0          ; 0    ; 0            ; |Register_File|Register32:inst18|Register8:inst1     ; work         ;
;       |Register8:inst2|        ; 0 (0)             ; 8 (8)        ; 0                 ; 0          ; 0    ; 0            ; |Register_File|Register32:inst18|Register8:inst2     ; work         ;
;       |Register8:inst3|        ; 0 (0)             ; 8 (8)        ; 0                 ; 0          ; 0    ; 0            ; |Register_File|Register32:inst18|Register8:inst3     ; work         ;
;       |Register8:inst|         ; 0 (0)             ; 8 (8)        ; 0                 ; 0          ; 0    ; 0            ; |Register_File|Register32:inst18|Register8:inst      ; work         ;
;    |Register32:inst20|         ; 1 (1)             ; 32 (0)       ; 0                 ; 0          ; 0    ; 0            ; |Register_File|Register32:inst20                     ; work         ;
;       |Register8:inst1|        ; 0 (0)             ; 8 (8)        ; 0                 ; 0          ; 0    ; 0            ; |Register_File|Register32:inst20|Register8:inst1     ; work         ;
;       |Register8:inst2|        ; 0 (0)             ; 8 (8)        ; 0                 ; 0          ; 0    ; 0            ; |Register_File|Register32:inst20|Register8:inst2     ; work         ;
;       |Register8:inst3|        ; 0 (0)             ; 8 (8)        ; 0                 ; 0          ; 0    ; 0            ; |Register_File|Register32:inst20|Register8:inst3     ; work         ;
;       |Register8:inst|         ; 0 (0)             ; 8 (8)        ; 0                 ; 0          ; 0    ; 0            ; |Register_File|Register32:inst20|Register8:inst      ; work         ;
;    |Register32:inst22|         ; 1 (1)             ; 32 (0)       ; 0                 ; 0          ; 0    ; 0            ; |Register_File|Register32:inst22                     ; work         ;
;       |Register8:inst1|        ; 0 (0)             ; 8 (8)        ; 0                 ; 0          ; 0    ; 0            ; |Register_File|Register32:inst22|Register8:inst1     ; work         ;
;       |Register8:inst2|        ; 0 (0)             ; 8 (8)        ; 0                 ; 0          ; 0    ; 0            ; |Register_File|Register32:inst22|Register8:inst2     ; work         ;
;       |Register8:inst3|        ; 0 (0)             ; 8 (8)        ; 0                 ; 0          ; 0    ; 0            ; |Register_File|Register32:inst22|Register8:inst3     ; work         ;
;       |Register8:inst|         ; 0 (0)             ; 8 (8)        ; 0                 ; 0          ; 0    ; 0            ; |Register_File|Register32:inst22|Register8:inst      ; work         ;
;    |Register32:inst24|         ; 2 (2)             ; 32 (0)       ; 0                 ; 0          ; 0    ; 0            ; |Register_File|Register32:inst24                     ; work         ;
;       |Register8:inst1|        ; 0 (0)             ; 8 (8)        ; 0                 ; 0          ; 0    ; 0            ; |Register_File|Register32:inst24|Register8:inst1     ; work         ;
;       |Register8:inst2|        ; 0 (0)             ; 8 (8)        ; 0                 ; 0          ; 0    ; 0            ; |Register_File|Register32:inst24|Register8:inst2     ; work         ;
;       |Register8:inst3|        ; 0 (0)             ; 8 (8)        ; 0                 ; 0          ; 0    ; 0            ; |Register_File|Register32:inst24|Register8:inst3     ; work         ;
;       |Register8:inst|         ; 0 (0)             ; 8 (8)        ; 0                 ; 0          ; 0    ; 0            ; |Register_File|Register32:inst24|Register8:inst      ; work         ;
;    |Register32:inst26|         ; 1 (1)             ; 32 (0)       ; 0                 ; 0          ; 0    ; 0            ; |Register_File|Register32:inst26                     ; work         ;
;       |Register8:inst1|        ; 0 (0)             ; 8 (8)        ; 0                 ; 0          ; 0    ; 0            ; |Register_File|Register32:inst26|Register8:inst1     ; work         ;
;       |Register8:inst2|        ; 0 (0)             ; 8 (8)        ; 0                 ; 0          ; 0    ; 0            ; |Register_File|Register32:inst26|Register8:inst2     ; work         ;
;       |Register8:inst3|        ; 0 (0)             ; 8 (8)        ; 0                 ; 0          ; 0    ; 0            ; |Register_File|Register32:inst26|Register8:inst3     ; work         ;
;       |Register8:inst|         ; 0 (0)             ; 8 (8)        ; 0                 ; 0          ; 0    ; 0            ; |Register_File|Register32:inst26|Register8:inst      ; work         ;
;    |Register32:inst28|         ; 1 (1)             ; 32 (0)       ; 0                 ; 0          ; 0    ; 0            ; |Register_File|Register32:inst28                     ; work         ;
;       |Register8:inst1|        ; 0 (0)             ; 8 (8)        ; 0                 ; 0          ; 0    ; 0            ; |Register_File|Register32:inst28|Register8:inst1     ; work         ;
;       |Register8:inst2|        ; 0 (0)             ; 8 (8)        ; 0                 ; 0          ; 0    ; 0            ; |Register_File|Register32:inst28|Register8:inst2     ; work         ;
;       |Register8:inst3|        ; 0 (0)             ; 8 (8)        ; 0                 ; 0          ; 0    ; 0            ; |Register_File|Register32:inst28|Register8:inst3     ; work         ;
;       |Register8:inst|         ; 0 (0)             ; 8 (8)        ; 0                 ; 0          ; 0    ; 0            ; |Register_File|Register32:inst28|Register8:inst      ; work         ;
;    |Register32:inst30|         ; 1 (1)             ; 32 (0)       ; 0                 ; 0          ; 0    ; 0            ; |Register_File|Register32:inst30                     ; work         ;
;       |Register8:inst1|        ; 0 (0)             ; 8 (8)        ; 0                 ; 0          ; 0    ; 0            ; |Register_File|Register32:inst30|Register8:inst1     ; work         ;
;       |Register8:inst2|        ; 0 (0)             ; 8 (8)        ; 0                 ; 0          ; 0    ; 0            ; |Register_File|Register32:inst30|Register8:inst2     ; work         ;
;       |Register8:inst3|        ; 0 (0)             ; 8 (8)        ; 0                 ; 0          ; 0    ; 0            ; |Register_File|Register32:inst30|Register8:inst3     ; work         ;
;       |Register8:inst|         ; 0 (0)             ; 8 (8)        ; 0                 ; 0          ; 0    ; 0            ; |Register_File|Register32:inst30|Register8:inst      ; work         ;
;    |Register32:inst32|         ; 2 (2)             ; 32 (0)       ; 0                 ; 0          ; 0    ; 0            ; |Register_File|Register32:inst32                     ; work         ;
;       |Register8:inst1|        ; 0 (0)             ; 8 (8)        ; 0                 ; 0          ; 0    ; 0            ; |Register_File|Register32:inst32|Register8:inst1     ; work         ;
;       |Register8:inst2|        ; 0 (0)             ; 8 (8)        ; 0                 ; 0          ; 0    ; 0            ; |Register_File|Register32:inst32|Register8:inst2     ; work         ;
;       |Register8:inst3|        ; 0 (0)             ; 8 (8)        ; 0                 ; 0          ; 0    ; 0            ; |Register_File|Register32:inst32|Register8:inst3     ; work         ;
;       |Register8:inst|         ; 0 (0)             ; 8 (8)        ; 0                 ; 0          ; 0    ; 0            ; |Register_File|Register32:inst32|Register8:inst      ; work         ;
;    |Register32:inst34|         ; 1 (1)             ; 32 (0)       ; 0                 ; 0          ; 0    ; 0            ; |Register_File|Register32:inst34                     ; work         ;
;       |Register8:inst1|        ; 0 (0)             ; 8 (8)        ; 0                 ; 0          ; 0    ; 0            ; |Register_File|Register32:inst34|Register8:inst1     ; work         ;
;       |Register8:inst2|        ; 0 (0)             ; 8 (8)        ; 0                 ; 0          ; 0    ; 0            ; |Register_File|Register32:inst34|Register8:inst2     ; work         ;
;       |Register8:inst3|        ; 0 (0)             ; 8 (8)        ; 0                 ; 0          ; 0    ; 0            ; |Register_File|Register32:inst34|Register8:inst3     ; work         ;
;       |Register8:inst|         ; 0 (0)             ; 8 (8)        ; 0                 ; 0          ; 0    ; 0            ; |Register_File|Register32:inst34|Register8:inst      ; work         ;
;    |Register32:inst36|         ; 1 (1)             ; 32 (0)       ; 0                 ; 0          ; 0    ; 0            ; |Register_File|Register32:inst36                     ; work         ;
;       |Register8:inst1|        ; 0 (0)             ; 8 (8)        ; 0                 ; 0          ; 0    ; 0            ; |Register_File|Register32:inst36|Register8:inst1     ; work         ;
;       |Register8:inst2|        ; 0 (0)             ; 8 (8)        ; 0                 ; 0          ; 0    ; 0            ; |Register_File|Register32:inst36|Register8:inst2     ; work         ;
;       |Register8:inst3|        ; 0 (0)             ; 8 (8)        ; 0                 ; 0          ; 0    ; 0            ; |Register_File|Register32:inst36|Register8:inst3     ; work         ;
;       |Register8:inst|         ; 0 (0)             ; 8 (8)        ; 0                 ; 0          ; 0    ; 0            ; |Register_File|Register32:inst36|Register8:inst      ; work         ;
;    |Register32:inst38|         ; 1 (1)             ; 32 (0)       ; 0                 ; 0          ; 0    ; 0            ; |Register_File|Register32:inst38                     ; work         ;
;       |Register8:inst1|        ; 0 (0)             ; 8 (8)        ; 0                 ; 0          ; 0    ; 0            ; |Register_File|Register32:inst38|Register8:inst1     ; work         ;
;       |Register8:inst2|        ; 0 (0)             ; 8 (8)        ; 0                 ; 0          ; 0    ; 0            ; |Register_File|Register32:inst38|Register8:inst2     ; work         ;
;       |Register8:inst3|        ; 0 (0)             ; 8 (8)        ; 0                 ; 0          ; 0    ; 0            ; |Register_File|Register32:inst38|Register8:inst3     ; work         ;
;       |Register8:inst|         ; 0 (0)             ; 8 (8)        ; 0                 ; 0          ; 0    ; 0            ; |Register_File|Register32:inst38|Register8:inst      ; work         ;
;    |Register32:inst40|         ; 1 (1)             ; 32 (0)       ; 0                 ; 0          ; 0    ; 0            ; |Register_File|Register32:inst40                     ; work         ;
;       |Register8:inst1|        ; 0 (0)             ; 8 (8)        ; 0                 ; 0          ; 0    ; 0            ; |Register_File|Register32:inst40|Register8:inst1     ; work         ;
;       |Register8:inst2|        ; 0 (0)             ; 8 (8)        ; 0                 ; 0          ; 0    ; 0            ; |Register_File|Register32:inst40|Register8:inst2     ; work         ;
;       |Register8:inst3|        ; 0 (0)             ; 8 (8)        ; 0                 ; 0          ; 0    ; 0            ; |Register_File|Register32:inst40|Register8:inst3     ; work         ;
;       |Register8:inst|         ; 0 (0)             ; 8 (8)        ; 0                 ; 0          ; 0    ; 0            ; |Register_File|Register32:inst40|Register8:inst      ; work         ;
;    |Register32:inst42|         ; 2 (2)             ; 32 (0)       ; 0                 ; 0          ; 0    ; 0            ; |Register_File|Register32:inst42                     ; work         ;
;       |Register8:inst1|        ; 0 (0)             ; 8 (8)        ; 0                 ; 0          ; 0    ; 0            ; |Register_File|Register32:inst42|Register8:inst1     ; work         ;
;       |Register8:inst2|        ; 0 (0)             ; 8 (8)        ; 0                 ; 0          ; 0    ; 0            ; |Register_File|Register32:inst42|Register8:inst2     ; work         ;
;       |Register8:inst3|        ; 0 (0)             ; 8 (8)        ; 0                 ; 0          ; 0    ; 0            ; |Register_File|Register32:inst42|Register8:inst3     ; work         ;
;       |Register8:inst|         ; 0 (0)             ; 8 (8)        ; 0                 ; 0          ; 0    ; 0            ; |Register_File|Register32:inst42|Register8:inst      ; work         ;
;    |Register32:inst44|         ; 2 (2)             ; 32 (0)       ; 0                 ; 0          ; 0    ; 0            ; |Register_File|Register32:inst44                     ; work         ;
;       |Register8:inst1|        ; 0 (0)             ; 8 (8)        ; 0                 ; 0          ; 0    ; 0            ; |Register_File|Register32:inst44|Register8:inst1     ; work         ;
;       |Register8:inst2|        ; 0 (0)             ; 8 (8)        ; 0                 ; 0          ; 0    ; 0            ; |Register_File|Register32:inst44|Register8:inst2     ; work         ;
;       |Register8:inst3|        ; 0 (0)             ; 8 (8)        ; 0                 ; 0          ; 0    ; 0            ; |Register_File|Register32:inst44|Register8:inst3     ; work         ;
;       |Register8:inst|         ; 0 (0)             ; 8 (8)        ; 0                 ; 0          ; 0    ; 0            ; |Register_File|Register32:inst44|Register8:inst      ; work         ;
;    |Register32:inst46|         ; 2 (2)             ; 32 (0)       ; 0                 ; 0          ; 0    ; 0            ; |Register_File|Register32:inst46                     ; work         ;
;       |Register8:inst1|        ; 0 (0)             ; 8 (8)        ; 0                 ; 0          ; 0    ; 0            ; |Register_File|Register32:inst46|Register8:inst1     ; work         ;
;       |Register8:inst2|        ; 0 (0)             ; 8 (8)        ; 0                 ; 0          ; 0    ; 0            ; |Register_File|Register32:inst46|Register8:inst2     ; work         ;
;       |Register8:inst3|        ; 0 (0)             ; 8 (8)        ; 0                 ; 0          ; 0    ; 0            ; |Register_File|Register32:inst46|Register8:inst3     ; work         ;
;       |Register8:inst|         ; 0 (0)             ; 8 (8)        ; 0                 ; 0          ; 0    ; 0            ; |Register_File|Register32:inst46|Register8:inst      ; work         ;
;    |Register32:inst48|         ; 2 (2)             ; 32 (0)       ; 0                 ; 0          ; 0    ; 0            ; |Register_File|Register32:inst48                     ; work         ;
;       |Register8:inst1|        ; 0 (0)             ; 8 (8)        ; 0                 ; 0          ; 0    ; 0            ; |Register_File|Register32:inst48|Register8:inst1     ; work         ;
;       |Register8:inst2|        ; 0 (0)             ; 8 (8)        ; 0                 ; 0          ; 0    ; 0            ; |Register_File|Register32:inst48|Register8:inst2     ; work         ;
;       |Register8:inst3|        ; 0 (0)             ; 8 (8)        ; 0                 ; 0          ; 0    ; 0            ; |Register_File|Register32:inst48|Register8:inst3     ; work         ;
;       |Register8:inst|         ; 0 (0)             ; 8 (8)        ; 0                 ; 0          ; 0    ; 0            ; |Register_File|Register32:inst48|Register8:inst      ; work         ;
;    |Register32:inst50|         ; 2 (2)             ; 32 (0)       ; 0                 ; 0          ; 0    ; 0            ; |Register_File|Register32:inst50                     ; work         ;
;       |Register8:inst1|        ; 0 (0)             ; 8 (8)        ; 0                 ; 0          ; 0    ; 0            ; |Register_File|Register32:inst50|Register8:inst1     ; work         ;
;       |Register8:inst2|        ; 0 (0)             ; 8 (8)        ; 0                 ; 0          ; 0    ; 0            ; |Register_File|Register32:inst50|Register8:inst2     ; work         ;
;       |Register8:inst3|        ; 0 (0)             ; 8 (8)        ; 0                 ; 0          ; 0    ; 0            ; |Register_File|Register32:inst50|Register8:inst3     ; work         ;
;       |Register8:inst|         ; 0 (0)             ; 8 (8)        ; 0                 ; 0          ; 0    ; 0            ; |Register_File|Register32:inst50|Register8:inst      ; work         ;
;    |Register32:inst52|         ; 1 (1)             ; 32 (0)       ; 0                 ; 0          ; 0    ; 0            ; |Register_File|Register32:inst52                     ; work         ;
;       |Register8:inst1|        ; 0 (0)             ; 8 (8)        ; 0                 ; 0          ; 0    ; 0            ; |Register_File|Register32:inst52|Register8:inst1     ; work         ;
;       |Register8:inst2|        ; 0 (0)             ; 8 (8)        ; 0                 ; 0          ; 0    ; 0            ; |Register_File|Register32:inst52|Register8:inst2     ; work         ;
;       |Register8:inst3|        ; 0 (0)             ; 8 (8)        ; 0                 ; 0          ; 0    ; 0            ; |Register_File|Register32:inst52|Register8:inst3     ; work         ;
;       |Register8:inst|         ; 0 (0)             ; 8 (8)        ; 0                 ; 0          ; 0    ; 0            ; |Register_File|Register32:inst52|Register8:inst      ; work         ;
;    |Register32:inst54|         ; 1 (1)             ; 32 (0)       ; 0                 ; 0          ; 0    ; 0            ; |Register_File|Register32:inst54                     ; work         ;
;       |Register8:inst1|        ; 0 (0)             ; 8 (8)        ; 0                 ; 0          ; 0    ; 0            ; |Register_File|Register32:inst54|Register8:inst1     ; work         ;
;       |Register8:inst2|        ; 0 (0)             ; 8 (8)        ; 0                 ; 0          ; 0    ; 0            ; |Register_File|Register32:inst54|Register8:inst2     ; work         ;
;       |Register8:inst3|        ; 0 (0)             ; 8 (8)        ; 0                 ; 0          ; 0    ; 0            ; |Register_File|Register32:inst54|Register8:inst3     ; work         ;
;       |Register8:inst|         ; 0 (0)             ; 8 (8)        ; 0                 ; 0          ; 0    ; 0            ; |Register_File|Register32:inst54|Register8:inst      ; work         ;
;    |Register32:inst56|         ; 1 (1)             ; 32 (0)       ; 0                 ; 0          ; 0    ; 0            ; |Register_File|Register32:inst56                     ; work         ;
;       |Register8:inst1|        ; 0 (0)             ; 8 (8)        ; 0                 ; 0          ; 0    ; 0            ; |Register_File|Register32:inst56|Register8:inst1     ; work         ;
;       |Register8:inst2|        ; 0 (0)             ; 8 (8)        ; 0                 ; 0          ; 0    ; 0            ; |Register_File|Register32:inst56|Register8:inst2     ; work         ;
;       |Register8:inst3|        ; 0 (0)             ; 8 (8)        ; 0                 ; 0          ; 0    ; 0            ; |Register_File|Register32:inst56|Register8:inst3     ; work         ;
;       |Register8:inst|         ; 0 (0)             ; 8 (8)        ; 0                 ; 0          ; 0    ; 0            ; |Register_File|Register32:inst56|Register8:inst      ; work         ;
;    |Register32:inst58|         ; 1 (1)             ; 32 (0)       ; 0                 ; 0          ; 0    ; 0            ; |Register_File|Register32:inst58                     ; work         ;
;       |Register8:inst1|        ; 0 (0)             ; 8 (8)        ; 0                 ; 0          ; 0    ; 0            ; |Register_File|Register32:inst58|Register8:inst1     ; work         ;
;       |Register8:inst2|        ; 0 (0)             ; 8 (8)        ; 0                 ; 0          ; 0    ; 0            ; |Register_File|Register32:inst58|Register8:inst2     ; work         ;
;       |Register8:inst3|        ; 0 (0)             ; 8 (8)        ; 0                 ; 0          ; 0    ; 0            ; |Register_File|Register32:inst58|Register8:inst3     ; work         ;
;       |Register8:inst|         ; 0 (0)             ; 8 (8)        ; 0                 ; 0          ; 0    ; 0            ; |Register_File|Register32:inst58|Register8:inst      ; work         ;
;    |Register32:inst60|         ; 1 (1)             ; 32 (0)       ; 0                 ; 0          ; 0    ; 0            ; |Register_File|Register32:inst60                     ; work         ;
;       |Register8:inst1|        ; 0 (0)             ; 8 (8)        ; 0                 ; 0          ; 0    ; 0            ; |Register_File|Register32:inst60|Register8:inst1     ; work         ;
;       |Register8:inst2|        ; 0 (0)             ; 8 (8)        ; 0                 ; 0          ; 0    ; 0            ; |Register_File|Register32:inst60|Register8:inst2     ; work         ;
;       |Register8:inst3|        ; 0 (0)             ; 8 (8)        ; 0                 ; 0          ; 0    ; 0            ; |Register_File|Register32:inst60|Register8:inst3     ; work         ;
;       |Register8:inst|         ; 0 (0)             ; 8 (8)        ; 0                 ; 0          ; 0    ; 0            ; |Register_File|Register32:inst60|Register8:inst      ; work         ;
;    |Register32:inst62|         ; 1 (1)             ; 32 (0)       ; 0                 ; 0          ; 0    ; 0            ; |Register_File|Register32:inst62                     ; work         ;
;       |Register8:inst1|        ; 0 (0)             ; 8 (8)        ; 0                 ; 0          ; 0    ; 0            ; |Register_File|Register32:inst62|Register8:inst1     ; work         ;
;       |Register8:inst2|        ; 0 (0)             ; 8 (8)        ; 0                 ; 0          ; 0    ; 0            ; |Register_File|Register32:inst62|Register8:inst2     ; work         ;
;       |Register8:inst3|        ; 0 (0)             ; 8 (8)        ; 0                 ; 0          ; 0    ; 0            ; |Register_File|Register32:inst62|Register8:inst3     ; work         ;
;       |Register8:inst|         ; 0 (0)             ; 8 (8)        ; 0                 ; 0          ; 0    ; 0            ; |Register_File|Register32:inst62|Register8:inst      ; work         ;
;    |Register32:inst64|         ; 2 (2)             ; 32 (0)       ; 0                 ; 0          ; 0    ; 0            ; |Register_File|Register32:inst64                     ; work         ;
;       |Register8:inst1|        ; 0 (0)             ; 8 (8)        ; 0                 ; 0          ; 0    ; 0            ; |Register_File|Register32:inst64|Register8:inst1     ; work         ;
;       |Register8:inst2|        ; 0 (0)             ; 8 (8)        ; 0                 ; 0          ; 0    ; 0            ; |Register_File|Register32:inst64|Register8:inst2     ; work         ;
;       |Register8:inst3|        ; 0 (0)             ; 8 (8)        ; 0                 ; 0          ; 0    ; 0            ; |Register_File|Register32:inst64|Register8:inst3     ; work         ;
;       |Register8:inst|         ; 0 (0)             ; 8 (8)        ; 0                 ; 0          ; 0    ; 0            ; |Register_File|Register32:inst64|Register8:inst      ; work         ;
;    |Register32:inst66|         ; 1 (1)             ; 32 (0)       ; 0                 ; 0          ; 0    ; 0            ; |Register_File|Register32:inst66                     ; work         ;
;       |Register8:inst1|        ; 0 (0)             ; 8 (8)        ; 0                 ; 0          ; 0    ; 0            ; |Register_File|Register32:inst66|Register8:inst1     ; work         ;
;       |Register8:inst2|        ; 0 (0)             ; 8 (8)        ; 0                 ; 0          ; 0    ; 0            ; |Register_File|Register32:inst66|Register8:inst2     ; work         ;
;       |Register8:inst3|        ; 0 (0)             ; 8 (8)        ; 0                 ; 0          ; 0    ; 0            ; |Register_File|Register32:inst66|Register8:inst3     ; work         ;
;       |Register8:inst|         ; 0 (0)             ; 8 (8)        ; 0                 ; 0          ; 0    ; 0            ; |Register_File|Register32:inst66|Register8:inst      ; work         ;
;    |Register32:inst68|         ; 1 (1)             ; 32 (0)       ; 0                 ; 0          ; 0    ; 0            ; |Register_File|Register32:inst68                     ; work         ;
;       |Register8:inst1|        ; 0 (0)             ; 8 (8)        ; 0                 ; 0          ; 0    ; 0            ; |Register_File|Register32:inst68|Register8:inst1     ; work         ;
;       |Register8:inst2|        ; 0 (0)             ; 8 (8)        ; 0                 ; 0          ; 0    ; 0            ; |Register_File|Register32:inst68|Register8:inst2     ; work         ;
;       |Register8:inst3|        ; 0 (0)             ; 8 (8)        ; 0                 ; 0          ; 0    ; 0            ; |Register_File|Register32:inst68|Register8:inst3     ; work         ;
;       |Register8:inst|         ; 0 (0)             ; 8 (8)        ; 0                 ; 0          ; 0    ; 0            ; |Register_File|Register32:inst68|Register8:inst      ; work         ;
;    |Register32:inst70|         ; 1 (1)             ; 32 (0)       ; 0                 ; 0          ; 0    ; 0            ; |Register_File|Register32:inst70                     ; work         ;
;       |Register8:inst1|        ; 0 (0)             ; 8 (8)        ; 0                 ; 0          ; 0    ; 0            ; |Register_File|Register32:inst70|Register8:inst1     ; work         ;
;       |Register8:inst2|        ; 0 (0)             ; 8 (8)        ; 0                 ; 0          ; 0    ; 0            ; |Register_File|Register32:inst70|Register8:inst2     ; work         ;
;       |Register8:inst3|        ; 0 (0)             ; 8 (8)        ; 0                 ; 0          ; 0    ; 0            ; |Register_File|Register32:inst70|Register8:inst3     ; work         ;
;       |Register8:inst|         ; 0 (0)             ; 8 (8)        ; 0                 ; 0          ; 0    ; 0            ; |Register_File|Register32:inst70|Register8:inst      ; work         ;
;    |Register32:inst72|         ; 1 (1)             ; 32 (0)       ; 0                 ; 0          ; 0    ; 0            ; |Register_File|Register32:inst72                     ; work         ;
;       |Register8:inst1|        ; 0 (0)             ; 8 (8)        ; 0                 ; 0          ; 0    ; 0            ; |Register_File|Register32:inst72|Register8:inst1     ; work         ;
;       |Register8:inst2|        ; 0 (0)             ; 8 (8)        ; 0                 ; 0          ; 0    ; 0            ; |Register_File|Register32:inst72|Register8:inst2     ; work         ;
;       |Register8:inst3|        ; 0 (0)             ; 8 (8)        ; 0                 ; 0          ; 0    ; 0            ; |Register_File|Register32:inst72|Register8:inst3     ; work         ;
;       |Register8:inst|         ; 0 (0)             ; 8 (8)        ; 0                 ; 0          ; 0    ; 0            ; |Register_File|Register32:inst72|Register8:inst      ; work         ;
;    |Register32:inst74|         ; 1 (1)             ; 32 (0)       ; 0                 ; 0          ; 0    ; 0            ; |Register_File|Register32:inst74                     ; work         ;
;       |Register8:inst1|        ; 0 (0)             ; 8 (8)        ; 0                 ; 0          ; 0    ; 0            ; |Register_File|Register32:inst74|Register8:inst1     ; work         ;
;       |Register8:inst2|        ; 0 (0)             ; 8 (8)        ; 0                 ; 0          ; 0    ; 0            ; |Register_File|Register32:inst74|Register8:inst2     ; work         ;
;       |Register8:inst3|        ; 0 (0)             ; 8 (8)        ; 0                 ; 0          ; 0    ; 0            ; |Register_File|Register32:inst74|Register8:inst3     ; work         ;
;       |Register8:inst|         ; 0 (0)             ; 8 (8)        ; 0                 ; 0          ; 0    ; 0            ; |Register_File|Register32:inst74|Register8:inst      ; work         ;
;    |Register32:inst76|         ; 1 (1)             ; 32 (0)       ; 0                 ; 0          ; 0    ; 0            ; |Register_File|Register32:inst76                     ; work         ;
;       |Register8:inst1|        ; 0 (0)             ; 8 (8)        ; 0                 ; 0          ; 0    ; 0            ; |Register_File|Register32:inst76|Register8:inst1     ; work         ;
;       |Register8:inst2|        ; 0 (0)             ; 8 (8)        ; 0                 ; 0          ; 0    ; 0            ; |Register_File|Register32:inst76|Register8:inst2     ; work         ;
;       |Register8:inst3|        ; 0 (0)             ; 8 (8)        ; 0                 ; 0          ; 0    ; 0            ; |Register_File|Register32:inst76|Register8:inst3     ; work         ;
;       |Register8:inst|         ; 0 (0)             ; 8 (8)        ; 0                 ; 0          ; 0    ; 0            ; |Register_File|Register32:inst76|Register8:inst      ; work         ;
;    |Register32:inst78|         ; 1 (1)             ; 32 (0)       ; 0                 ; 0          ; 0    ; 0            ; |Register_File|Register32:inst78                     ; work         ;
;       |Register8:inst1|        ; 0 (0)             ; 8 (8)        ; 0                 ; 0          ; 0    ; 0            ; |Register_File|Register32:inst78|Register8:inst1     ; work         ;
;       |Register8:inst2|        ; 0 (0)             ; 8 (8)        ; 0                 ; 0          ; 0    ; 0            ; |Register_File|Register32:inst78|Register8:inst2     ; work         ;
;       |Register8:inst3|        ; 0 (0)             ; 8 (8)        ; 0                 ; 0          ; 0    ; 0            ; |Register_File|Register32:inst78|Register8:inst3     ; work         ;
;       |Register8:inst|         ; 0 (0)             ; 8 (8)        ; 0                 ; 0          ; 0    ; 0            ; |Register_File|Register32:inst78|Register8:inst      ; work         ;
;    |Register32:inst|           ; 35 (3)            ; 32 (0)       ; 0                 ; 0          ; 0    ; 0            ; |Register_File|Register32:inst                       ; work         ;
;       |Register8:inst1|        ; 8 (8)             ; 8 (8)        ; 0                 ; 0          ; 0    ; 0            ; |Register_File|Register32:inst|Register8:inst1       ; work         ;
;       |Register8:inst2|        ; 8 (8)             ; 8 (8)        ; 0                 ; 0          ; 0    ; 0            ; |Register_File|Register32:inst|Register8:inst2       ; work         ;
;       |Register8:inst3|        ; 8 (8)             ; 8 (8)        ; 0                 ; 0          ; 0    ; 0            ; |Register_File|Register32:inst|Register8:inst3       ; work         ;
;       |Register8:inst|         ; 8 (8)             ; 8 (8)        ; 0                 ; 0          ; 0    ; 0            ; |Register_File|Register32:inst|Register8:inst        ; work         ;
;    |lpm_mux:inst81|            ; 353 (0)           ; 0 (0)        ; 0                 ; 0          ; 0    ; 0            ; |Register_File|lpm_mux:inst81                        ; work         ;
;       |mux_4nc:auto_generated| ; 353 (353)         ; 0 (0)        ; 0                 ; 0          ; 0    ; 0            ; |Register_File|lpm_mux:inst81|mux_4nc:auto_generated ; work         ;
;    |lpm_mux:inst82|            ; 353 (0)           ; 0 (0)        ; 0                 ; 0          ; 0    ; 0            ; |Register_File|lpm_mux:inst82                        ; work         ;
;       |mux_4nc:auto_generated| ; 353 (353)         ; 0 (0)        ; 0                 ; 0          ; 0    ; 0            ; |Register_File|lpm_mux:inst82|mux_4nc:auto_generated ; work         ;
+--------------------------------+-------------------+--------------+-------------------+------------+------+--------------+------------------------------------------------------+--------------+
Note: For table entries with two numbers listed, the numbers in parentheses indicate the number of resources of the given type used by the specific entity alone. The numbers listed outside of parentheses indicate the total resources of the given type used by the specific entity and all of its sub-entities in the hierarchy.


+------------------------------------------------------+
; General Register Statistics                          ;
+----------------------------------------------+-------+
; Statistic                                    ; Value ;
+----------------------------------------------+-------+
; Total registers                              ; 1024  ;
; Number of registers using Synchronous Clear  ; 0     ;
; Number of registers using Synchronous Load   ; 0     ;
; Number of registers using Asynchronous Clear ; 0     ;
; Number of registers using Asynchronous Load  ; 0     ;
; Number of registers using Clock Enable       ; 0     ;
; Number of registers using Preset             ; 0     ;
+----------------------------------------------+-------+


+------------------------------------------------------------------------------------------------------------------------------------------------------------------------------------------+
; Multiplexer Restructuring Statistics (Restructuring Performed)                                                                                                                           ;
+--------------------+-----------+---------------+----------------------+------------------------+------------+----------------------------------------------------------------------------+
; Multiplexer Inputs ; Bus Width ; Baseline Area ; Area if Restructured ; Saving if Restructured ; Registered ; Example Multiplexer Output                                                 ;
+--------------------+-----------+---------------+----------------------+------------------------+------------+----------------------------------------------------------------------------+
; 32:1               ; 32 bits   ; 672 LEs       ; 672 LEs              ; 0 LEs                  ; No         ; |Register_File|lpm_mux:inst81|mux_4nc:auto_generated|l5_w31_n0_mux_dataout ;
; 32:1               ; 32 bits   ; 672 LEs       ; 672 LEs              ; 0 LEs                  ; No         ; |Register_File|lpm_mux:inst82|mux_4nc:auto_generated|l5_w31_n0_mux_dataout ;
+--------------------+-----------+---------------+----------------------+------------------------+------------+----------------------------------------------------------------------------+


+-------------------------------------------------------------+
; Parameter Settings for User Entity Instance: LPM_MUX:inst81 ;
+------------------------+-----------+------------------------+
; Parameter Name         ; Value     ; Type                   ;
+------------------------+-----------+------------------------+
; AUTO_CARRY_CHAINS      ; ON        ; AUTO_CARRY             ;
; IGNORE_CARRY_BUFFERS   ; OFF       ; IGNORE_CARRY           ;
; AUTO_CASCADE_CHAINS    ; ON        ; AUTO_CASCADE           ;
; IGNORE_CASCADE_BUFFERS ; OFF       ; IGNORE_CASCADE         ;
; LPM_WIDTH              ; 32        ; Untyped                ;
; LPM_SIZE               ; 32        ; Untyped                ;
; LPM_WIDTHS             ; 5         ; Untyped                ;
; LPM_PIPELINE           ; 0         ; Untyped                ;
; CBXI_PARAMETER         ; mux_4nc   ; Untyped                ;
; DEVICE_FAMILY          ; Cyclone V ; Untyped                ;
+------------------------+-----------+------------------------+
Note: In order to hide this table in the UI and the text report file, please set the "Show Parameter Settings in Synthesis Report" option in "Analysis and Synthesis Settings -> More Settings" to "Off".


+----------------------------------------------------------------+
; Parameter Settings for User Entity Instance: LPM_DECODE:inst80 ;
+------------------------+------------+--------------------------+
; Parameter Name         ; Value      ; Type                     ;
+------------------------+------------+--------------------------+
; LPM_WIDTH              ; 5          ; Untyped                  ;
; LPM_DECODES            ; 32         ; Untyped                  ;
; LPM_PIPELINE           ; 0          ; Untyped                  ;
; CASCADE_CHAIN          ; MANUAL     ; Untyped                  ;
; DEVICE_FAMILY          ; Cyclone V  ; Untyped                  ;
; CBXI_PARAMETER         ; decode_f5f ; Untyped                  ;
; AUTO_CARRY_CHAINS      ; ON         ; AUTO_CARRY               ;
; IGNORE_CARRY_BUFFERS   ; OFF        ; IGNORE_CARRY             ;
; AUTO_CASCADE_CHAINS    ; ON         ; AUTO_CASCADE             ;
; IGNORE_CASCADE_BUFFERS ; OFF        ; IGNORE_CASCADE           ;
+------------------------+------------+--------------------------+
Note: In order to hide this table in the UI and the text report file, please set the "Show Parameter Settings in Synthesis Report" option in "Analysis and Synthesis Settings -> More Settings" to "Off".


+-------------------------------------------------------------+
; Parameter Settings for User Entity Instance: LPM_MUX:inst82 ;
+------------------------+-----------+------------------------+
; Parameter Name         ; Value     ; Type                   ;
+------------------------+-----------+------------------------+
; AUTO_CARRY_CHAINS      ; ON        ; AUTO_CARRY             ;
; IGNORE_CARRY_BUFFERS   ; OFF       ; IGNORE_CARRY           ;
; AUTO_CASCADE_CHAINS    ; ON        ; AUTO_CASCADE           ;
; IGNORE_CASCADE_BUFFERS ; OFF       ; IGNORE_CASCADE         ;
; LPM_WIDTH              ; 32        ; Untyped                ;
; LPM_SIZE               ; 32        ; Untyped                ;
; LPM_WIDTHS             ; 5         ; Untyped                ;
; LPM_PIPELINE           ; 0         ; Untyped                ;
; CBXI_PARAMETER         ; mux_4nc   ; Untyped                ;
; DEVICE_FAMILY          ; Cyclone V ; Untyped                ;
+------------------------+-----------+------------------------+
Note: In order to hide this table in the UI and the text report file, please set the "Show Parameter Settings in Synthesis Report" option in "Analysis and Synthesis Settings -> More Settings" to "Off".


+-----------------------------------------------------+
; Post-Synthesis Netlist Statistics for Top Partition ;
+-----------------------+-----------------------------+
; Type                  ; Count                       ;
+-----------------------+-----------------------------+
; arriav_ff             ; 1024                        ;
;     plain             ; 1024                        ;
; arriav_lcell_comb     ; 780                         ;
;     normal            ; 780                         ;
;         2 data inputs ; 35                          ;
;         4 data inputs ; 32                          ;
;         5 data inputs ; 137                         ;
;         6 data inputs ; 576                         ;
; boundary_port         ; 114                         ;
;                       ;                             ;
; Max LUT depth         ; 3.00                        ;
; Average LUT depth     ; 2.80                        ;
+-----------------------+-----------------------------+


+-------------------------------+
; Elapsed Time Per Partition    ;
+----------------+--------------+
; Partition Name ; Elapsed Time ;
+----------------+--------------+
; Top            ; 00:00:01     ;
+----------------+--------------+


+-------------------------------+
; Analysis & Synthesis Messages ;
+-------------------------------+
Info: *******************************************************************
Info: Running Quartus Prime Analysis & Synthesis
    Info: Version 15.1.0 Build 185 10/21/2015 SJ Lite Edition
    Info: Processing started: Fri May 03 13:17:55 2019
Info: Command: quartus_map --read_settings_files=on --write_settings_files=off Register_File -c Register_File
Info (20030): Parallel compilation is enabled and will use 2 of the 2 processors detected
Info (12021): Found 1 design units, including 1 entities, in source file register8.bdf
    Info (12023): Found entity 1: Register8
Info (12021): Found 1 design units, including 1 entities, in source file register32.bdf
    Info (12023): Found entity 1: Register32
Info (12021): Found 1 design units, including 1 entities, in source file register_file.bdf
    Info (12023): Found entity 1: Register_File
Info (12127): Elaborating entity "Register_File" for the top level hierarchy
Info (12128): Elaborating entity "LPM_MUX" for hierarchy "LPM_MUX:inst81"
Info (12130): Elaborated megafunction instantiation "LPM_MUX:inst81"
Info (12133): Instantiated megafunction "LPM_MUX:inst81" with the following parameter:
    Info (12134): Parameter "LPM_SIZE" = "32"
    Info (12134): Parameter "LPM_WIDTH" = "32"
    Info (12134): Parameter "LPM_WIDTHS" = "5"
Info (12021): Found 1 design units, including 1 entities, in source file db/mux_4nc.tdf
    Info (12023): Found entity 1: mux_4nc File: C:/altera_lite/15.1/Register_File/db/mux_4nc.tdf Line: 23
Info (12128): Elaborating entity "mux_4nc" for hierarchy "LPM_MUX:inst81|mux_4nc:auto_generated" File: c:/altera_lite/15.1/quartus/libraries/megafunctions/lpm_mux.tdf Line: 87
Info (12128): Elaborating entity "Register32" for hierarchy "Register32:inst"
Info (12128): Elaborating entity "Register8" for hierarchy "Register32:inst|Register8:inst"
Info (12128): Elaborating entity "LPM_DECODE" for hierarchy "LPM_DECODE:inst80"
Info (12130): Elaborated megafunction instantiation "LPM_DECODE:inst80"
Info (12133): Instantiated megafunction "LPM_DECODE:inst80" with the following parameter:
    Info (12134): Parameter "LPM_DECODES" = "32"
    Info (12134): Parameter "LPM_WIDTH" = "5"
Info (12021): Found 1 design units, including 1 entities, in source file db/decode_f5f.tdf
    Info (12023): Found entity 1: decode_f5f File: C:/altera_lite/15.1/Register_File/db/decode_f5f.tdf Line: 23
Info (12128): Elaborating entity "decode_f5f" for hierarchy "LPM_DECODE:inst80|decode_f5f:auto_generated" File: c:/altera_lite/15.1/quartus/libraries/megafunctions/lpm_decode.tdf Line: 77
Info (286030): Timing-Driven Synthesis is running
Info (16010): Generating hard_block partition "hard_block:auto_generated_inst"
    Info (16011): Adding 0 node(s), including 0 DDIO, 0 PLL, 0 transceiver and 0 LCELL
Info (21057): Implemented 1918 device resources after synthesis - the final resource count might be different
    Info (21058): Implemented 50 input pins
    Info (21059): Implemented 64 output pins
    Info (21061): Implemented 1804 logic cells
Info: Quartus Prime Analysis & Synthesis was successful. 0 errors, 0 warnings
    Info: Peak virtual memory: 890 megabytes
    Info: Processing ended: Fri May 03 13:18:11 2019
    Info: Elapsed time: 00:00:16
    Info: Total CPU time (on all processors): 00:00:22


